cpu:   Apple M2 (arm64, 8 cores)
os:    Darwin 25.5.0
date:  2026-08-08 22:46


sanity-check (size size)
  JavaScript lazy-stacks              PASS  0.042s
  JavaScript lazy-stacks-opt          PASS  0.040s
  C++ eager-value-mem                 PASS  0.005s
  C++ eager-value-heap                PASS  0.005s
  C++ eager-ternary-ref               PASS  0.005s
  C++ eager-ternary-vm                PASS  0.005s
  C++ eager-ternary-nil               PASS  0.005s
  C++ eager-ternary-nil-32            PASS  0.005s
  C++ eager-ternary-nil-vm            PASS  0.005s
  C++ eager-ternary-nil-vm-32         PASS  0.005s
  C++ eager-ternary-nil-vm-32-rc      PASS  0.005s
  C++ eager-ternary-nil-mmap          PASS  0.005s
  C++ eager-ternary-nil-mmap-32       PASS  0.005s
  C++ eager-ternary-nil-mmap-vm       PASS  0.005s
  C++ eager-ternary-nil-mmap-vm-32    PASS  0.005s
  C++ eager-value-mem-peek            PASS  0.005s
  C++ eager-value-heap-peek           PASS  0.005s
  C++ eager-ternary-nil-mmap-peek     PASS  0.005s
  C++ eager-ternary-nil-mmap-32-peek  PASS  0.005s
  C++ eager-graph-nil-mmap-32         PASS  0.009s
  C++ lazy-graph-nil-mmap-32          PASS  0.005s
  Python                              PASS  0.018s
  WASM eager-value                    FAIL  exit 139
  WASM eager-nil                      FAIL  exit 139
  ASM                                 SKIP  x86_64 required

recursive-fib (n=24)
  JavaScript lazy-stacks              PASS  0.985s
  JavaScript lazy-stacks-opt          PASS  0.444s
  C++ eager-value-mem                 PASS  0.149s
  C++ eager-value-heap                PASS  1.090s
  C++ eager-ternary-ref               PASS  0.274s
  C++ eager-ternary-vm                PASS  0.267s
  C++ eager-ternary-nil               PASS  0.150s
  C++ eager-ternary-nil-32            PASS  0.127s
  C++ eager-ternary-nil-vm            PASS  0.165s
  C++ eager-ternary-nil-vm-32         PASS  0.138s
  C++ eager-ternary-nil-vm-32-rc      PASS  0.315s
  C++ eager-ternary-nil-mmap          PASS  0.089s
  C++ eager-ternary-nil-mmap-32       PASS  0.087s
  C++ eager-ternary-nil-mmap-vm       PASS  0.117s
  C++ eager-ternary-nil-mmap-vm-32    PASS  0.087s
  C++ eager-value-mem-peek            PASS  0.130s
  C++ eager-value-heap-peek           PASS  1.013s
  C++ eager-ternary-nil-mmap-peek     PASS  0.073s
  C++ eager-ternary-nil-mmap-32-peek  PASS  0.074s
  C++ eager-graph-nil-mmap-32         PASS  0.052s
  C++ lazy-graph-nil-mmap-32          FAIL  exit 139
  Python                              FAIL  exit 124  (timeout)
  WASM eager-value                    FAIL  exit 139
  WASM eager-nil                      FAIL  exit 139
  ASM                                 SKIP  x86_64 required

silly-exp (n=16)
  JavaScript lazy-stacks              PASS  0.579s
  JavaScript lazy-stacks-opt          PASS  0.282s
  C++ eager-value-mem                 PASS  0.057s
  C++ eager-value-heap                FAIL  exit 139
  C++ eager-ternary-ref               PASS  0.070s
  C++ eager-ternary-vm                PASS  0.076s
  C++ eager-ternary-nil               PASS  0.061s
  C++ eager-ternary-nil-32            PASS  0.048s
  C++ eager-ternary-nil-vm            PASS  0.068s
  C++ eager-ternary-nil-vm-32         PASS  0.054s
  C++ eager-ternary-nil-vm-32-rc      PASS  0.119s
  C++ eager-ternary-nil-mmap          PASS  0.039s
  C++ eager-ternary-nil-mmap-32       PASS  0.036s
  C++ eager-ternary-nil-mmap-vm       PASS  0.051s
  C++ eager-ternary-nil-mmap-vm-32    PASS  0.036s
  C++ eager-value-mem-peek            PASS  0.058s
  C++ eager-value-heap-peek           FAIL  exit 139
  C++ eager-ternary-nil-mmap-peek     PASS  0.031s
  C++ eager-ternary-nil-mmap-32-peek  PASS  0.031s
  C++ eager-graph-nil-mmap-32         PASS  0.058s
  C++ lazy-graph-nil-mmap-32          FAIL  exit 139
  Python                              FAIL  exit 1
  WASM eager-value                    FAIL  exit 1
  WASM eager-nil                      FAIL  exit 139
  ASM                                 SKIP  x86_64 required

exercise-rules (n=200000)
  JavaScript lazy-stacks              PASS  0.919s
  JavaScript lazy-stacks-opt          PASS  0.419s
  C++ eager-value-mem                 FAIL  exit 139
  C++ eager-value-heap                FAIL  exit 139
  C++ eager-ternary-ref               FAIL  exit 139
  C++ eager-ternary-vm                PASS  0.132s
  C++ eager-ternary-nil               FAIL  exit 139
  C++ eager-ternary-nil-32            FAIL  exit 139
  C++ eager-ternary-nil-vm            FAIL  exit 124  (timeout)
  C++ eager-ternary-nil-vm-32         PASS  0.089s
  C++ eager-ternary-nil-vm-32-rc      PASS  0.202s
  C++ eager-ternary-nil-mmap          FAIL  exit 139
  C++ eager-ternary-nil-mmap-32       FAIL  exit 139
  C++ eager-ternary-nil-mmap-vm       PASS  0.077s
  C++ eager-ternary-nil-mmap-vm-32    PASS  0.059s
  C++ eager-value-mem-peek            FAIL  exit 139
  C++ eager-value-heap-peek           FAIL  exit 139
  C++ eager-ternary-nil-mmap-peek     FAIL  exit 139
  C++ eager-ternary-nil-mmap-32-peek  FAIL  exit 139
  C++ eager-graph-nil-mmap-32         PASS  0.117s
  C++ lazy-graph-nil-mmap-32          FAIL  exit 139
  Python                              FAIL  exit 1
  WASM eager-value                    FAIL  exit 139
  WASM eager-nil                      FAIL  exit 139
  ASM                                 SKIP  x86_64 required

merge-sort (n=2000, descending)
  JavaScript lazy-stacks              PASS  1.146s
  JavaScript lazy-stacks-opt          PASS  0.525s
  C++ eager-value-mem                 PASS  0.260s
  C++ eager-value-heap                PASS  1.799s
  C++ eager-ternary-ref               PASS  0.302s
  C++ eager-ternary-vm                PASS  0.320s
  C++ eager-ternary-nil               PASS  0.242s
  C++ eager-ternary-nil-32            PASS  0.182s
  C++ eager-ternary-nil-vm            PASS  0.284s
  C++ eager-ternary-nil-vm-32         PASS  0.195s
  C++ eager-ternary-nil-vm-32-rc      PASS  0.488s
  C++ eager-ternary-nil-mmap          PASS  0.137s
  C++ eager-ternary-nil-mmap-32       PASS  0.125s
  C++ eager-ternary-nil-mmap-vm       PASS  0.173s
  C++ eager-ternary-nil-mmap-vm-32    PASS  0.123s
  C++ eager-value-mem-peek            PASS  0.232s
  C++ eager-value-heap-peek           PASS  1.650s
  C++ eager-ternary-nil-mmap-peek     PASS  0.111s
  C++ eager-ternary-nil-mmap-32-peek  PASS  0.115s
  C++ eager-graph-nil-mmap-32         PASS  0.059s
  C++ lazy-graph-nil-mmap-32          PASS  0.271s
  Python                              FAIL  exit 1
  WASM eager-value                    FAIL  exit 139
  WASM eager-nil                      FAIL  exit 139
  ASM                                 SKIP  x86_64 required
