cpu:   Intel(R) Xeon(R) Processor @ 2.10GHz (x86_64, 4 cores)
os:    Linux 6.18.44-fc-v50
date:  2026-10-01 03:11


sanity-check (size size)
  JavaScript eager-stacks             PASS  0.053s
  JavaScript lazy-stacks              PASS  0.053s
  JavaScript lazy-stacks-opt          PASS  0.055s
  C++ eager-value-mem                 PASS  0.004s
  C++ eager-value-heap                PASS  0.004s
  C++ eager-ternary-ref               PASS  0.004s
  C++ eager-ternary-vm                PASS  0.004s
  C++ eager-ternary-nil               PASS  0.004s
  C++ eager-ternary-nil-32            PASS  0.004s
  C++ eager-ternary-nil-vm            PASS  0.004s
  C++ eager-ternary-nil-vm-32         PASS  0.004s
  C++ eager-ternary-nil-vm-32-rc      PASS  0.004s
  C++ eager-ternary-nil-mmap          PASS  0.004s
  C++ eager-ternary-nil-mmap-32       PASS  0.004s
  C++ eager-ternary-nil-mmap-vm       PASS  0.004s
  C++ eager-ternary-nil-mmap-vm-32    PASS  0.004s
  C++ eager-value-mem-peek            PASS  0.004s
  C++ eager-value-heap-peek           PASS  0.004s
  C++ eager-ternary-nil-mmap-peek     PASS  0.004s
  C++ eager-ternary-nil-mmap-32-peek  PASS  0.004s
  C++ eager-graph-nil-mmap-32         PASS  0.004s
  C++ lazy-graph-nil-mmap-32          PASS  0.004s
  Python                              PASS  0.016s
  Lean ValueOrStuck.applyOrStuck      PASS  0.006s
  Lean Term.applyOrStuck              PASS  0.006s
  Lean Value.applyWithFuel            PASS  0.006s
  Lean Term.applyWithFuel             PASS  0.006s
  WASM eager-value                    PASS  0.045s
  WASM eager-nil                      PASS  0.044s
  WASM eager-nil-vm                   PASS  0.045s
  ASM x64                             PASS  0.003s
  ASM x64-ternary                     PASS  0.003s
  ASM x64-noid                        PASS  0.003s
  ASM x64-vm                          PASS  0.003s
  ASM x64-minbin                      PASS  0.003s
  ASM x64-minbin-deep                 PASS  0.003s

recursive-fib (n=24)
  JavaScript eager-stacks             FAIL  exit 124  (timeout)
  JavaScript lazy-stacks              FAIL  exit 124  (timeout)
  JavaScript lazy-stacks-opt          PASS  0.911s
  C++ eager-value-mem                 PASS  0.344s
  C++ eager-value-heap                FAIL  exit 124  (timeout)
  C++ eager-ternary-ref               PASS  0.568s
  C++ eager-ternary-vm                PASS  0.571s
  C++ eager-ternary-nil               PASS  0.377s
  C++ eager-ternary-nil-32            PASS  0.263s
  C++ eager-ternary-nil-vm            PASS  0.374s
  C++ eager-ternary-nil-vm-32         PASS  0.263s
  C++ eager-ternary-nil-vm-32-rc      PASS  0.555s
  C++ eager-ternary-nil-mmap          PASS  0.229s
  C++ eager-ternary-nil-mmap-32       PASS  0.160s
  C++ eager-ternary-nil-mmap-vm       PASS  0.228s
  C++ eager-ternary-nil-mmap-vm-32    PASS  0.169s
  C++ eager-value-mem-peek            PASS  0.298s
  C++ eager-value-heap-peek           FAIL  exit 124  (timeout)
  C++ eager-ternary-nil-mmap-peek     PASS  0.186s
  C++ eager-ternary-nil-mmap-32-peek  PASS  0.144s
  C++ eager-graph-nil-mmap-32         PASS  0.064s
  C++ lazy-graph-nil-mmap-32          PASS  0.383s
  Python                              FAIL  exit 124  (timeout)
  Lean ValueOrStuck.applyOrStuck      PASS  0.405s
  Lean Term.applyOrStuck              PASS  0.479s
  Lean Value.applyWithFuel            PASS  0.747s
  Lean Term.applyWithFuel             PASS  0.929s
  WASM eager-value                    PASS  0.621s
  WASM eager-nil                      PASS  0.563s
  WASM eager-nil-vm                   PASS  0.552s
  ASM x64                             PASS  0.167s
  ASM x64-ternary                     PASS  0.185s
  ASM x64-noid                        PASS  0.162s
  ASM x64-vm                          PASS  0.166s
  ASM x64-minbin                      PASS  0.165s
  ASM x64-minbin-deep                 PASS  0.195s

silly-exp (n=16)
  JavaScript eager-stacks             PASS  0.593s
  JavaScript lazy-stacks              PASS  1.045s
  JavaScript lazy-stacks-opt          PASS  0.514s
  C++ eager-value-mem                 PASS  0.144s
  C++ eager-value-heap                PASS  1.457s
  C++ eager-ternary-ref               PASS  0.180s
  C++ eager-ternary-vm                PASS  0.189s
  C++ eager-ternary-nil               PASS  0.161s
  C++ eager-ternary-nil-32            PASS  0.111s
  C++ eager-ternary-nil-vm            PASS  0.164s
  C++ eager-ternary-nil-vm-32         PASS  0.110s
  C++ eager-ternary-nil-vm-32-rc      PASS  0.205s
  C++ eager-ternary-nil-mmap          PASS  0.092s
  C++ eager-ternary-nil-mmap-32       PASS  0.065s
  C++ eager-ternary-nil-mmap-vm       PASS  0.091s
  C++ eager-ternary-nil-mmap-vm-32    PASS  0.067s
  C++ eager-value-mem-peek            PASS  0.122s
  C++ eager-value-heap-peek           PASS  1.258s
  C++ eager-ternary-nil-mmap-peek     PASS  0.076s
  C++ eager-ternary-nil-mmap-32-peek  PASS  0.059s
  C++ eager-graph-nil-mmap-32         PASS  0.061s
  C++ lazy-graph-nil-mmap-32          PASS  0.186s
  Python                              FAIL  exit 124  (timeout)
  Lean ValueOrStuck.applyOrStuck      PASS  0.157s
  Lean Term.applyOrStuck              PASS  0.187s
  Lean Value.applyWithFuel            PASS  0.279s
  Lean Term.applyWithFuel             PASS  0.347s
  WASM eager-value                    FAIL  exit 1
  WASM eager-nil                      FAIL  exit 1
  WASM eager-nil-vm                   PASS  0.230s
  ASM x64                             PASS  0.064s
  ASM x64-ternary                     PASS  0.074s
  ASM x64-noid                        PASS  0.063s
  ASM x64-vm                          PASS  0.066s
  ASM x64-minbin                      PASS  0.063s
  ASM x64-minbin-deep                 PASS  0.077s

exercise-rules (n=200000)
  JavaScript eager-stacks             PASS  1.096s
  JavaScript lazy-stacks              PASS  1.305s
  JavaScript lazy-stacks-opt          PASS  0.702s
  C++ eager-value-mem                 PASS  0.263s
  C++ eager-value-heap                FAIL  exit 124  (timeout)
  C++ eager-ternary-ref               PASS  0.334s
  C++ eager-ternary-vm                PASS  0.340s
  C++ eager-ternary-nil               PASS  0.307s
  C++ eager-ternary-nil-32            PASS  0.204s
  C++ eager-ternary-nil-vm            PASS  0.307s
  C++ eager-ternary-nil-vm-32         PASS  0.208s
  C++ eager-ternary-nil-vm-32-rc      PASS  0.372s
  C++ eager-ternary-nil-mmap          PASS  0.161s
  C++ eager-ternary-nil-mmap-32       PASS  0.116s
  C++ eager-ternary-nil-mmap-vm       PASS  0.156s
  C++ eager-ternary-nil-mmap-vm-32    PASS  0.112s
  C++ eager-value-mem-peek            PASS  0.180s
  C++ eager-value-heap-peek           FAIL  exit 124  (timeout)
  C++ eager-ternary-nil-mmap-peek     PASS  0.129s
  C++ eager-ternary-nil-mmap-32-peek  PASS  0.100s
  C++ eager-graph-nil-mmap-32         PASS  0.129s
  C++ lazy-graph-nil-mmap-32          PASS  0.306s
  Python                              FAIL  exit 124  (timeout)
  Lean ValueOrStuck.applyOrStuck      PASS  0.271s
  Lean Term.applyOrStuck              PASS  0.329s
  Lean Value.applyWithFuel            PASS  0.481s
  Lean Term.applyWithFuel             PASS  0.587s
  WASM eager-value                    FAIL  exit 1
  WASM eager-nil                      FAIL  exit 1
  WASM eager-nil-vm                   PASS  0.364s
  ASM x64                             PASS  0.110s
  ASM x64-ternary                     PASS  0.129s
  ASM x64-noid                        PASS  0.105s
  ASM x64-vm                          PASS  0.110s
  ASM x64-minbin                      PASS  0.108s
  ASM x64-minbin-deep                 PASS  0.132s

merge-sort (n=2000, descending)
  JavaScript eager-stacks             FAIL  exit 124  (timeout)
  JavaScript lazy-stacks              FAIL  exit 124  (timeout)
  JavaScript lazy-stacks-opt          PASS  1.020s
  C++ eager-value-mem                 PASS  0.616s
  C++ eager-value-heap                FAIL  exit 124  (timeout)
  C++ eager-ternary-ref               PASS  0.803s
  C++ eager-ternary-vm                PASS  0.785s
  C++ eager-ternary-nil               PASS  0.685s
  C++ eager-ternary-nil-32            PASS  0.446s
  C++ eager-ternary-nil-vm            PASS  0.673s
  C++ eager-ternary-nil-vm-32         PASS  0.454s
  C++ eager-ternary-nil-vm-32-rc      PASS  0.872s
  C++ eager-ternary-nil-mmap          PASS  0.380s
  C++ eager-ternary-nil-mmap-32       PASS  0.263s
  C++ eager-ternary-nil-mmap-vm       PASS  0.371s
  C++ eager-ternary-nil-mmap-vm-32    PASS  0.275s
  C++ eager-value-mem-peek            PASS  0.545s
  C++ eager-value-heap-peek           FAIL  exit 124  (timeout)
  C++ eager-ternary-nil-mmap-peek     PASS  0.322s
  C++ eager-ternary-nil-mmap-32-peek  PASS  0.246s
  C++ eager-graph-nil-mmap-32         PASS  0.084s
  C++ lazy-graph-nil-mmap-32          PASS  0.515s
  Python                              FAIL  exit 124  (timeout)
  Lean ValueOrStuck.applyOrStuck      PASS  0.673s
  Lean Term.applyOrStuck              PASS  0.799s
  Lean Value.applyWithFuel            PASS  1.238s
  Lean Term.applyWithFuel             PASS  1.558s
  WASM eager-value                    PASS  1.201s
  WASM eager-nil                      PASS  1.092s
  WASM eager-nil-vm                   PASS  0.844s
  ASM x64                             PASS  0.324s
  ASM x64-ternary                     PASS  0.358s
  ASM x64-noid                        PASS  0.315s
  ASM x64-vm                          PASS  0.310s
  ASM x64-minbin                      PASS  0.375s
  ASM x64-minbin-deep                 PASS  0.418s
