cpu:   Intel(R) Xeon(R) Processor @ 2.80GHz (x86_64, 4 cores)
os:    Linux 6.18.5-fc-v20
date:  2026-08-09 05:14


sanity-check (size size)
  JavaScript lazy-stacks              PASS  0.057s
  JavaScript lazy-stacks-opt          PASS  0.060s
  C++ eager-value-mem                 PASS  0.004s
  C++ eager-value-heap                PASS  0.005s
  C++ eager-ternary-ref               PASS  0.004s
  C++ eager-ternary-vm                PASS  0.004s
  C++ eager-ternary-nil               PASS  0.004s
  C++ eager-ternary-nil-32            PASS  0.004s
  C++ eager-ternary-nil-vm            PASS  0.004s
  C++ eager-ternary-nil-vm-32         PASS  0.004s
  C++ eager-ternary-nil-vm-32-rc      PASS  0.004s
  C++ eager-ternary-nil-mmap          PASS  0.004s
  C++ eager-ternary-nil-mmap-32       PASS  0.004s
  C++ eager-ternary-nil-mmap-vm       PASS  0.004s
  C++ eager-ternary-nil-mmap-vm-32    PASS  0.004s
  C++ eager-value-mem-peek            PASS  0.004s
  C++ eager-value-heap-peek           PASS  0.004s
  C++ eager-ternary-nil-mmap-peek     PASS  0.004s
  C++ eager-ternary-nil-mmap-32-peek  PASS  0.004s
  C++ eager-graph-nil-mmap-32         PASS  0.017s
  C++ lazy-graph-nil-mmap-32          PASS  0.004s
  Python                              PASS  0.016s
  WASM eager-value                    PASS  0.055s
  WASM eager-nil                      PASS  0.054s
  WASM eager-nil-vm                   PASS  0.053s
  ASM x64                             PASS  0.003s
  ASM x64-ternary                     PASS  0.003s
  ASM x64-noid                        PASS  0.003s
  ASM x64-vm                          PASS  0.003s
  ASM x64-minbin                      PASS  0.003s
  ASM x64-minbin-deep                 PASS  0.003s

recursive-fib (n=24)
  JavaScript lazy-stacks              FAIL  exit 124  (timeout)
  JavaScript lazy-stacks-opt          PASS  1.035s
  C++ eager-value-mem                 PASS  0.324s
  C++ eager-value-heap                FAIL  exit 124  (timeout)
  C++ eager-ternary-ref               FAIL  exit 124  (timeout)
  C++ eager-ternary-vm                FAIL  exit 124  (timeout)
  C++ eager-ternary-nil               PASS  0.322s
  C++ eager-ternary-nil-32            PASS  0.230s
  C++ eager-ternary-nil-vm            PASS  0.370s
  C++ eager-ternary-nil-vm-32         PASS  0.251s
  C++ eager-ternary-nil-vm-32-rc      PASS  0.451s
  C++ eager-ternary-nil-mmap          PASS  0.198s
  C++ eager-ternary-nil-mmap-32       PASS  0.162s
  C++ eager-ternary-nil-mmap-vm       PASS  0.196s
  C++ eager-ternary-nil-mmap-vm-32    PASS  0.143s
  C++ eager-value-mem-peek            PASS  0.292s
  C++ eager-value-heap-peek           FAIL  exit 124  (timeout)
  C++ eager-ternary-nil-mmap-peek     PASS  0.165s
  C++ eager-ternary-nil-mmap-32-peek  PASS  0.128s
  C++ eager-graph-nil-mmap-32         PASS  0.110s
  C++ lazy-graph-nil-mmap-32          PASS  0.376s
  Python                              FAIL  exit 124  (timeout)
  WASM eager-value                    PASS  0.723s
  WASM eager-nil                      PASS  0.538s
  WASM eager-nil-vm                   PASS  0.520s
  ASM x64                             PASS  0.145s
  ASM x64-ternary                     PASS  0.165s
  ASM x64-noid                        PASS  0.148s
  ASM x64-vm                          PASS  0.155s
  ASM x64-minbin                      PASS  0.149s
  ASM x64-minbin-deep                 PASS  0.186s

silly-exp (n=16)
  JavaScript lazy-stacks              PASS  1.202s
  JavaScript lazy-stacks-opt          PASS  0.585s
  C++ eager-value-mem                 PASS  0.137s
  C++ eager-value-heap                PASS  1.253s
  C++ eager-ternary-ref               PASS  0.171s
  C++ eager-ternary-vm                PASS  0.179s
  C++ eager-ternary-nil               PASS  0.159s
  C++ eager-ternary-nil-32            PASS  0.101s
  C++ eager-ternary-nil-vm            PASS  0.160s
  C++ eager-ternary-nil-vm-32         PASS  0.103s
  C++ eager-ternary-nil-vm-32-rc      PASS  0.170s
  C++ eager-ternary-nil-mmap          PASS  0.081s
  C++ eager-ternary-nil-mmap-32       PASS  0.067s
  C++ eager-ternary-nil-mmap-vm       PASS  0.082s
  C++ eager-ternary-nil-mmap-vm-32    PASS  0.061s
  C++ eager-value-mem-peek            PASS  0.127s
  C++ eager-value-heap-peek           PASS  1.104s
  C++ eager-ternary-nil-mmap-peek     PASS  0.065s
  C++ eager-ternary-nil-mmap-32-peek  PASS  0.052s
  C++ eager-graph-nil-mmap-32         PASS  0.134s
  C++ lazy-graph-nil-mmap-32          PASS  0.186s
  Python                              FAIL  exit 1
  WASM eager-value                    FAIL  exit 1
  WASM eager-nil                      FAIL  exit 1
  WASM eager-nil-vm                   PASS  0.212s
  ASM x64                             PASS  0.059s
  ASM x64-ternary                     PASS  0.067s
  ASM x64-noid                        PASS  0.057s
  ASM x64-vm                          PASS  0.060s
  ASM x64-minbin                      PASS  0.057s
  ASM x64-minbin-deep                 PASS  0.071s

exercise-rules (n=200000)
  JavaScript lazy-stacks              PASS  1.594s
  JavaScript lazy-stacks-opt          PASS  0.820s
  C++ eager-value-mem                 PASS  0.259s
  C++ eager-value-heap                FAIL  exit 124  (timeout)
  C++ eager-ternary-ref               PASS  0.310s
  C++ eager-ternary-vm                PASS  0.317s
  C++ eager-ternary-nil               PASS  0.293s
  C++ eager-ternary-nil-32            PASS  0.180s
  C++ eager-ternary-nil-vm            PASS  0.291s
  C++ eager-ternary-nil-vm-32         PASS  0.189s
  C++ eager-ternary-nil-vm-32-rc      PASS  0.310s
  C++ eager-ternary-nil-mmap          PASS  0.138s
  C++ eager-ternary-nil-mmap-32       PASS  0.115s
  C++ eager-ternary-nil-mmap-vm       PASS  0.134s
  C++ eager-ternary-nil-mmap-vm-32    PASS  0.093s
  C++ eager-value-mem-peek            PASS  0.180s
  C++ eager-value-heap-peek           FAIL  exit 124  (timeout)
  C++ eager-ternary-nil-mmap-peek     PASS  0.157s
  C++ eager-ternary-nil-mmap-32-peek  PASS  0.113s
  C++ eager-graph-nil-mmap-32         PASS  0.394s
  C++ lazy-graph-nil-mmap-32          PASS  0.341s
  Python                              FAIL  exit 1
  WASM eager-value                    FAIL  exit 1
  WASM eager-nil                      FAIL  exit 1
  WASM eager-nil-vm                   PASS  0.368s
  ASM x64                             PASS  0.100s
  ASM x64-ternary                     PASS  0.118s
  ASM x64-noid                        PASS  0.100s
  ASM x64-vm                          PASS  0.104s
  ASM x64-minbin                      PASS  0.103s
  ASM x64-minbin-deep                 PASS  0.122s

merge-sort (n=2000, descending)
  JavaScript lazy-stacks              FAIL  exit 124  (timeout)
  JavaScript lazy-stacks-opt          PASS  1.179s
  C++ eager-value-mem                 PASS  0.561s
  C++ eager-value-heap                FAIL  exit 124  (timeout)
  C++ eager-ternary-ref               PASS  0.679s
  C++ eager-ternary-vm                PASS  0.703s
  C++ eager-ternary-nil               PASS  0.614s
  C++ eager-ternary-nil-32            PASS  0.404s
  C++ eager-ternary-nil-vm            PASS  0.630s
  C++ eager-ternary-nil-vm-32         PASS  0.436s
  C++ eager-ternary-nil-vm-32-rc      PASS  0.706s
  C++ eager-ternary-nil-mmap          PASS  0.330s
  C++ eager-ternary-nil-mmap-32       PASS  0.260s
  C++ eager-ternary-nil-mmap-vm       PASS  0.302s
  C++ eager-ternary-nil-mmap-vm-32    PASS  0.221s
  C++ eager-value-mem-peek            PASS  0.519s
  C++ eager-value-heap-peek           FAIL  exit 124  (timeout)
  C++ eager-ternary-nil-mmap-peek     PASS  0.280s
  C++ eager-ternary-nil-mmap-32-peek  PASS  0.218s
  C++ eager-graph-nil-mmap-32         PASS  0.127s
  C++ lazy-graph-nil-mmap-32          PASS  0.495s
  Python                              FAIL  exit 1
  WASM eager-value                    PASS  1.233s
  WASM eager-nil                      PASS  0.949s
  WASM eager-nil-vm                   PASS  0.794s
  ASM x64                             PASS  0.279s
  ASM x64-ternary                     FAIL  exit 124  (timeout)
  ASM x64-noid                        PASS  0.280s
  ASM x64-vm                          PASS  0.279s
  ASM x64-minbin                      PASS  0.318s
  ASM x64-minbin-deep                 PASS  0.363s
