cpu:   Apple M2 (arm64, 8 cores)
os:    Darwin 25.5.0
date:  2026-07-29 22:54


sanity-check (size size)
  JavaScript (reference)              PASS  0.031s
  C++ eager-value-mem                 PASS  0.006s
  C++ eager-value-heap                PASS  0.006s
  C++ eager-ternary-ref               PASS  0.006s
  C++ eager-ternary-vm                PASS  0.007s
  C++ eager-ternary-nil               PASS  0.006s
  C++ eager-ternary-nil-32            PASS  0.005s
  C++ eager-ternary-nil-vm            PASS  0.005s
  C++ eager-ternary-nil-vm-32         PASS  0.005s
  C++ eager-ternary-nil-vm-32-rc      PASS  0.005s
  C++ eager-ternary-nil-mmap          PASS  0.005s
  C++ eager-ternary-nil-mmap-32       PASS  0.005s
  C++ eager-ternary-nil-mmap-vm       PASS  0.006s
  C++ eager-ternary-nil-mmap-vm-32    PASS  0.005s
  C++ eager-value-mem-peek            PASS  0.005s
  C++ eager-value-heap-peek           PASS  0.005s
  C++ eager-ternary-nil-mmap-peek     PASS  0.005s
  C++ eager-ternary-nil-mmap-32-peek  PASS  0.005s
  C++ lazy-graph-nil-mmap-32          PASS  0.005s
  Python                              PASS  0.019s
  WASM                                PASS  0.033s
  ASM                                 SKIP  x86_64 required

recursive-fib (n=24)
  JavaScript (reference)              PASS  0.940s
  C++ eager-value-mem                 PASS  0.157s
  C++ eager-value-heap                PASS  1.102s
  C++ eager-ternary-ref               PASS  0.188s
  C++ eager-ternary-vm                PASS  0.205s
  C++ eager-ternary-nil               PASS  0.150s
  C++ eager-ternary-nil-32            PASS  0.104s
  C++ eager-ternary-nil-vm            PASS  0.143s
  C++ eager-ternary-nil-vm-32         PASS  0.118s
  C++ eager-ternary-nil-vm-32-rc      PASS  0.323s
  C++ eager-ternary-nil-mmap          PASS  0.085s
  C++ eager-ternary-nil-mmap-32       PASS  0.083s
  C++ eager-ternary-nil-mmap-vm       PASS  0.107s
  C++ eager-ternary-nil-mmap-vm-32    PASS  0.085s
  C++ eager-value-mem-peek            PASS  0.122s
  C++ eager-value-heap-peek           PASS  1.019s
  C++ eager-ternary-nil-mmap-peek     PASS  0.068s
  C++ eager-ternary-nil-mmap-32-peek  PASS  0.072s
  C++ lazy-graph-nil-mmap-32          FAIL  exit 139
  Python                              FAIL  exit 124  (timeout)
  WASM                                PASS  0.147s
  ASM                                 SKIP  x86_64 required

silly-exp (n=16)
  JavaScript (reference)              PASS  0.536s
  C++ eager-value-mem                 PASS  0.053s
  C++ eager-value-heap                FAIL  exit 139
  C++ eager-ternary-ref               PASS  0.060s
  C++ eager-ternary-vm                PASS  0.068s
  C++ eager-ternary-nil               PASS  0.059s
  C++ eager-ternary-nil-32            PASS  0.043s
  C++ eager-ternary-nil-vm            PASS  0.062s
  C++ eager-ternary-nil-vm-32         PASS  0.049s
  C++ eager-ternary-nil-vm-32-rc      PASS  0.122s
  C++ eager-ternary-nil-mmap          PASS  0.035s
  C++ eager-ternary-nil-mmap-32       PASS  0.034s
  C++ eager-ternary-nil-mmap-vm       PASS  0.045s
  C++ eager-ternary-nil-mmap-vm-32    PASS  0.033s
  C++ eager-value-mem-peek            PASS  0.049s
  C++ eager-value-heap-peek           FAIL  exit 139
  C++ eager-ternary-nil-mmap-peek     PASS  0.030s
  C++ eager-ternary-nil-mmap-32-peek  PASS  0.032s
  C++ lazy-graph-nil-mmap-32          FAIL  exit 139
  Python                              FAIL  exit 1
  WASM                                FAIL  exit 1
  ASM                                 SKIP  x86_64 required

exercise-rules (n=200000)
  JavaScript (reference)              PASS  0.719s
  C++ eager-value-mem                 FAIL  exit 139
  C++ eager-value-heap                FAIL  exit 139
  C++ eager-ternary-ref               FAIL  exit 139
  C++ eager-ternary-vm                PASS  0.116s
  C++ eager-ternary-nil               FAIL  exit 139
  C++ eager-ternary-nil-32            FAIL  exit 139
  C++ eager-ternary-nil-vm            PASS  0.107s
  C++ eager-ternary-nil-vm-32         PASS  0.084s
  C++ eager-ternary-nil-vm-32-rc      PASS  0.218s
  C++ eager-ternary-nil-mmap          FAIL  exit 139
  C++ eager-ternary-nil-mmap-32       FAIL  exit 139
  C++ eager-ternary-nil-mmap-vm       PASS  0.074s
  C++ eager-ternary-nil-mmap-vm-32    PASS  0.056s
  C++ eager-value-mem-peek            FAIL  exit 139
  C++ eager-value-heap-peek           FAIL  exit 139
  C++ eager-ternary-nil-mmap-peek     FAIL  exit 139
  C++ eager-ternary-nil-mmap-32-peek  FAIL  exit 139
  C++ lazy-graph-nil-mmap-32          FAIL  exit 139
  Python                              FAIL  exit 1
  WASM                                FAIL  exit 1
  ASM                                 SKIP  x86_64 required

merge-sort (n=2000, descending)
  JavaScript (reference)              PASS  1.091s
  C++ eager-value-mem                 PASS  0.235s
  C++ eager-value-heap                PASS  1.850s
  C++ eager-ternary-ref               PASS  0.262s
  C++ eager-ternary-vm                PASS  0.271s
  C++ eager-ternary-nil               PASS  0.261s
  C++ eager-ternary-nil-32            PASS  0.179s
  C++ eager-ternary-nil-vm            PASS  0.256s
  C++ eager-ternary-nil-vm-32         PASS  0.204s
  C++ eager-ternary-nil-vm-32-rc      PASS  0.521s
  C++ eager-ternary-nil-mmap          PASS  0.168s
  C++ eager-ternary-nil-mmap-32       PASS  0.136s
  C++ eager-ternary-nil-mmap-vm       PASS  0.167s
  C++ eager-ternary-nil-mmap-vm-32    PASS  0.123s
  C++ eager-value-mem-peek            PASS  0.202s
  C++ eager-value-heap-peek           PASS  1.663s
  C++ eager-ternary-nil-mmap-peek     PASS  0.109s
  C++ eager-ternary-nil-mmap-32-peek  PASS  0.114s
  C++ lazy-graph-nil-mmap-32          PASS  0.277s
  Python                              FAIL  exit 1
  WASM                                PASS  0.275s
  ASM                                 SKIP  x86_64 required
